+ OUT=/home/cvdbdo/git/paradox/ck3/wt/_out/events
+ cd /home/cvdbdo/git/paradox/ck3/wt/events
+ .venv/bin/python -m ck2ck3 --config configs/faerun.toml --out /home/cvdbdo/git/paradox/ck3/wt/_out/events
+ tail -25
no CK3 equivalent for [From.GetBoyGirl] (90 occurrences)
no CK3 equivalent for [Root.job_spymaster.GetTitledFirstName] (86 occurrences)
...and 1227 more codes with no CK3 equivalent (full table: docs/evidence/ck2_loc_codes.csv)
37067 codes need a saved scope in the converted event (168 distinct); see docs/loc_codes.md
64803 references to a CK2 saved scope (2566 distinct) became visible markers, because nothing ports CK2's events and so nothing runs save_scope_as: CK3 answers an unresolvable scope with "pdx_data_localize.cpp: Data error in loc string '<key>'". Set [loc] named_scope = "reference" in the commit that ships the event port
43558 CK2 customizable-localisation codes (4573 distinct) became visible markers, because nothing emits common/customizable_localization and a Custom() call to a name CK3 does not know is an error per evaluation. That count is the size of the port; set [loc] custom_loc = "call" in the commit that ships it
ck2ck3 Faerun (CK2 conversion, raw) — writing to /home/cvdbdo/git/paradox/ck3/wt/_out/events
  clean          cleaned /home/cvdbdo/git/paradox/ck3/wt/_out/events: removed 8 entries, kept descriptor.mod [0.02s]
  descriptor     descriptor.mod: 'Faerun (CK2 conversion, raw)' 0.1.0 for CK3 1.19.*, 13 replace_path [0.00s]
  tc_template    tc_template: 204 empty shadows and 23 key-only stubs over 32 vanilla folders, 42 folders deliberately kept [0.02s]
  map            map 8320x6784 at scale 1.9543 (2.9 -> 1.4839 km/px): 4276 provinces, 3705 baronies in 2125 counties, 152 demoted, 3 lost; heightmap detail cliff_aware/eroded/vanilla_curve, 0.35 % of land on the clamp floor [102.61s]
  dynasties      11952 dynasties in 3 files, 11951 name loc keys, 20 CK2 coats of arms dropped [1.14s]
  cultures       67 culture groups -> 67 heritage + 67 language pillars; 419 cultures with 419 name lists; 37 placeholder ethnicities [1.26s]
  religions      15 religion groups -> 15 families + 15 religions; 94 faiths with 469 holy sites over 254 counties [0.26s]
  titles         7141 CK3 titles (65 e_, 267 k_, 979 d_, 2125 c_, 3705 b_), 11658 commented out, placement mode barony_set [2.10s]
  history_titles 3228 title histories, 192 commented out, 3705 province blocks in 166 files [0.10s]
  bookmarks      17 bookmarks, 82 characters (63 placed from the CK2 map, 19 on the fallback grid), default 1357.1.1 [0.05s]
  traits         400 traits ported (117 race), 142 deduped to CK3 vanilla, 7 dropped (no CK3 counterpart), 1 became a CK3 sexuality, 867 commented out [0.21s]
  characters     18124 characters in 80 files, 47107 dated blocks, 15925 CK2 entries commented out, 8 integrity problems [2.06s]
  loc            localisation: 484 yml in 4 languages, 156800 english keys, 91.0% of 147711 text codes converted [2.18s]
  decisions      3 decisions ported live, 393 below min_score (is_shown off, inspectable), 253 out-of-scope groups, 181 other skips, 37 files [0.27s]
  events         161 events live, 1543 inert stubs, 58 skipped by scope, 110 files, 97 namespaces; top unmapped: character_event(1343), trait(990), mother_even_if_dead(907), true_father_even_if_dead(857), add_trait(710) [1.91s]
  tests          108 scripted tests at 1357.1.1 (6 bookmark characters, 50/2639 title holders, 50/3705 provinces) -> tests/fae_generated_tests.txt [1.58s]
1482 files written, 301 warnings
run log: /home/cvdbdo/git/paradox/ck3/wt/events/docs/evidence/last_run.md
+ scripts/validate_output_mod.sh /home/cvdbdo/git/paradox/ck3/wt/_out/events docs/evidence/tiger_events_2026-09-10_summary.txt
--- by kind
  38940 warning(missing-localization)
  10336 untidy(missing-localization)
   6788 warning(localization)
   1834 warning(duplicate-item)
   1634 warning(datafunctions)
    455 warning(missing-file)
    319 warning(rivers)
    142 tips(suggest-localization)
     84 warning(missing-item)
     41 error(localization-key-collision)
     21 warning(history)
     15 warning(bookmarks)
     14 error(wrong-gender)
      4 warning(markup)
      2 error(unknown-field)
      1 warning(use-of-this)
      1 warning(scopes)
      1 warning(exact-duplicate-item)
      1 error(structure)
      1 error(reader-directives)
      1 error(history)
--- by message
  32854 warning(missing-localization): missing spanish, french and german localization key dynn_fae_N
   1834 warning(duplicate-item): localization is redefined by another localization
    884 warning(datafunctions): GetLocation cannot follow a Character promote
    315 warning(datafunctions): unknown datafunction EvilGodName
    284 warning(localization): The substitution parameter $CHAR$ is not defined anywhere as a key.
    248 warning(rivers): (N, N) river tributary (red) not joining another river
    233 warning(localization): The substitution parameter $FIRST_ADJ$ is not defined anywhere as a key.
    228 warning(localization): The substitution parameter $DIRECTION$ is not defined anywhere as a key.
    212 warning(localization): The substitution parameter $SOCIETY$ is not defined anywhere as a key.
    193 warning(datafunctions): GetHolder cannot follow a Character promote
    183 warning(localization): The substitution parameter $WHERE$ is not defined anywhere as a key.
    148 warning(localization): The substitution parameter $PROV$ is not defined anywhere as a key.
    124 warning(localization): The substitution parameter $OTHER_TITLE$ is not defined anywhere as a key.
    118 warning(localization): The substitution parameter $SECOND_ADJ$ is not defined anywhere as a key.
    108 warning(localization): The substitution parameter $SETTLEMENT$ is not defined anywhere as a key.
    108 warning(datafunctions): GetCapitalLocation cannot follow a Province promote
    104 warning(localization): The substitution parameter $INSERT$ is not defined anywhere as a key.
     95 warning(localization): The substitution parameter $WONDER_UPGRADE_TYPE$ is not defined anywhere as a key.
     89 warning(localization): The substitution parameter $PIETYNAME$ is not defined anywhere as a key.
     85 warning(localization): The substitution parameter $HONORIFIC$ is not defined anywhere as a key.
     82 warning(missing-localization): missing spanish, french and german localization key bookmark_fae_N_desc
     80 warning(missing-item): coa fae_N not defined in common/coat_of_arms/coat_of_arms/
     80 warning(localization): The substitution parameter $AMBITION_TARGET_NAME$ is not defined anywhere as a key.
     76 warning(localization): The substitution parameter $RECIPIENT$ is not defined anywhere as a key.
     72 warning(localization): The substitution parameter $OFFMAP$ is not defined anywhere as a key.
     72 warning(datafunctions): GetBaseName cannot follow a Character promote
     68 warning(localization): The substitution parameter $WONDER_TYPE$ is not defined anywhere as a key.
     68 warning(localization): The substitution parameter $FACTION$ is not defined anywhere as a key.
     64 warning(localization): The substitution parameter $DECISION$ is not defined anywhere as a key.
     61 warning(rivers): (N, N) river pixel has N neighbors
     60 warning(localization): The substitution parameter $ROUTE$ is not defined anywhere as a key.
     60 warning(localization): The substitution parameter $FAILED$ is not defined anywhere as a key.
     56 warning(missing-localization): missing spanish, french and german localization key cn_fae_stommheim
     56 warning(localization): The substitution parameter $VICTIM$ is not defined anywhere as a key.
     56 warning(localization): The substitution parameter $BLOODLINE$ is not defined anywhere as a key.
     52 warning(localization): The substitution parameter $ENEMY$ is not defined anywhere as a key.
     52 untidy(missing-localization): missing english, spanish, french and german localization for name  
     48 warning(localization): The substitution parameter $TECH$ is not defined anywhere as a key.
     48 warning(localization): The substitution parameter $JOB$ is not defined anywhere as a key.
     44 warning(localization): The substitution parameter $VAR$ is not defined anywhere as a key.
report   docs/evidence/tiger_events_2026-09-10_summary.txt
