game dir: /home/cvdbdo/.local/share/Steam/steamapps/common/Crusader Kings III/game
building terrain-class map...
computing class-boundary distance (interior mask, dist > 5px, same definition as measure_vanilla_paint_blend.py §10.4)...
reading detail_index.tga primary channel...
  material categories: ['forest', 'grass', 'other', 'rock', 'snow', 'soil'] (87/115 materials matched a relief category)
loading + aligning heightmap.png...
  land px: 23,720,182 / 42,467,328 (55.86%)
  dropped 11,721,210 px whose primary material is a regional (gen_*/medi_*/...) family; 11,998,972 land px remain for the paint analysis
computing MESO-SCALE slope/curvature (absolute) + PER-CLASS elevation bins...
  per-class elevation bins filled for 15 classes
  BAKE INTO relief_paint.py: VANILLA_SLOPE_CUTOFFS = (21.1321, 58.6177)
  BAKE INTO relief_paint.py: VANILLA_CURVATURE_CUTOFFS = (-0.6758, 0.4072)
computing flow accumulation (12 MFD relaxation passes)...
building the conditional table...
wrote 398 table rows, 60 MI rows
computing per-class family palette (interior, marginal over relief bins)...
wrote 89 rows to /home/cvdbdo/git/paradox/ck3/wt/relief-paint/mappings/relief_paint_family_materials.csv
wrote 90 rows to vanilla_paint_family_area_shares.csv
measuring family patch scale (autocorrelation e-fold radius)...
  thay: e-fold radius 4 px
  spine: e-fold radius 5 px
  mean e-fold radius (recommended relief_paint_sigma_px): 4.5
wrote vanilla_paint_vs_relief.png
done in 18.5s
