lake_to_land          clean (no overridden province left in a default.map water list)
river_valleys         clean (6 valley province(s) still water, none pinned)
out                     /home/cvdbdo/git/paradox/ck3/wt/_out/thay-relief
water level             4883
land provinces checked  3919
water provinces checked 350
distinct height values  39437
land px at/below water  0
water px above water    0
source bound            2.0x hf RMS over 3 px (median tol 194.4 levels)
  land pinned, excluded 114650 px
  land below the bound  0 px (max 0.0 levels)
  land above the bound  0 px (max 0.0 levels)
closed-depression excess (§2h, informational -- compare to docs/evidence/thay_relief/):
    3px  p95       0  p99      22  max    1453
    9px  p95       5  p99     150  max    2261
   27px  p95      60  p99     280  max    2317
wall concentration (§2h ii, a cliff as a 1-px axis-aligned slab vs a continuous slope):
  k=2  axis/diag 0.64
  k=3  axis/diag 0.54
  k=5  axis/diag 0.36
  source k=2 0.48  k=5 0.26
  drop concentration p50/p95/max 0.323/0.475/1.0
narrow water-pinned canyons none on a province this lane's overrides target
  + 77 elsewhere on the map (informational, out of this lane's scope, docs/evidence/narrow_water_pinned_canyons.csv)

invariants hold
