loading CK3 vanilla heightmap.png (122 MB) ...
loading our generated heightmap.png ...
loading CK2 Faerun topology.bmp ...
loading CK2 vanilla topology.bmp ...
stats ck3_vanilla (9216, 18432) ...
  6 land patches
stats ours_generated (6784, 8320) ...
  6 land patches
stats ck2_faerun (3328, 4096) ...
  6 land patches
stats ck2_vanilla (2048, 3072) ...
  6 land patches
per-terrain: building province -> terrain map ...
per-terrain: loading heightmap ...
  desert             n=300  hf_rms=   91.2
  desert_mountains   n=300  hf_rms=  322.6
  drylands           n=300  hf_rms=   96.9
  farmlands          n=300  hf_rms=   96.7
  floodplains        n=300  hf_rms=  106.0
  forest             n=300  hf_rms=  110.7
  hills              n=300  hf_rms=  213.3
  jungle             n=300  hf_rms=  120.7
  mountains          n=300  hf_rms=  311.4
  oasis              n=300  hf_rms=  121.8
  plains             n=300  hf_rms=   86.3
  steppe             n=300  hf_rms=   97.2
  taiga              n=300  hf_rms=   70.1
  terraced_hills     n=300  hf_rms=  253.2
  wetlands           n=300  hf_rms=   70.4
done
