Downloading matplotlib (10.4MiB)
 Downloaded matplotlib
Installed 11 packages in 11ms

== thay window (639, 559) land 82.8% tol median 193 levels
  plain_rescale    pit p95       0 p99       0 >riser  0.0000  sink p99   1108  bound-under  0.0000  ridge 0.152
  build15          pit p95     576 p99    2612 >riser  0.0934  sink p99   1041  bound-under  0.0881  ridge 0.122
  after            pit p95     136 p99     392 >riser  0.0178  sink p99   1208  bound-under  0.0000  ridge 0.123
  signed_diff_thay_build15.png  +-3358 levels full scale
  signed_diff_thay_after.png  +-887 levels full scale
wrote /home/cvdbdo/git/paradox/ck3/wt/relief-pits/docs/evidence/relief_pits/transects_thay.csv
wrote /home/cvdbdo/git/paradox/ck3/wt/relief-pits/docs/evidence/relief_pits/transects_thay.png

== spine window (100, 283) land 98.3% tol median 427 levels
  plain_rescale    pit p95       0 p99       0 >riser  0.0000  sink p99   1385  bound-under  0.0000  ridge 0.129
  build15          pit p95     514 p99    1353 >riser  0.0880  sink p99   1420  bound-under  0.0788  ridge 0.111
  after            pit p95     140 p99     393 >riser  0.0173  sink p99   1482  bound-under  0.0009  ridge 0.126
  signed_diff_spine_build15.png  +-2409 levels full scale
  signed_diff_spine_after.png  +-972 levels full scale
wrote /home/cvdbdo/git/paradox/ck3/wt/relief-pits/docs/evidence/relief_pits/transects_spine.csv
wrote /home/cvdbdo/git/paradox/ck3/wt/relief-pits/docs/evidence/relief_pits/transects_spine.png
wrote /home/cvdbdo/git/paradox/ck3/wt/relief-pits/docs/evidence/relief_pits/pits_live_both.csv
