reference conversion: /home/cvdbdo/git/paradox/ck3/claudespace/mods/faerun_ck2_to_ck3_converted
measuring hf_achieved.csv ...
measuring spectrum.csv ...
  ours: 48 patches
  ck2_faerun: 48 patches
  ck3_vanilla: 48 patches
measuring height_hist.csv ...
measuring land_stats.csv ...
measuring seafloor_transect.csv ...
measuring terrain_area_share.csv ...
measuring tree_counts.csv ...
measuring the Thay window ...
measuring thay_counties.csv ...
measuring thay_transects.csv ...
measuring the Thay window ...
measuring thay_transects.csv ...
/home/cvdbdo/git/paradox/ck3/wt/report-b12/scripts/report_map_paint_plots.py:1652: UserWarning: This figure includes Axes that are not compatible with tight_layout, so results might be incorrect.
  fig.tight_layout(rect=(0, 0, 1, 0.93))
measuring thay_steps.csv ...
measuring thay_cliffs.csv ...
measuring thay_bands.csv ...
measuring panel_extents.csv ...
measuring clamp_floor.csv ...
measuring panel_extents.csv ...
measuring material_share.csv ...
measuring paint_blend.csv ...
/home/cvdbdo/git/paradox/ck3/wt/report-b12/scripts/report_map_paint_plots.py:1968: UserWarning: This figure includes Axes that are not compatible with tight_layout, so results might be incorrect.
  fig.tight_layout(rect=(0, 0.045, 1, 0.94))
wrote docs/evidence/report_map_paint/fig1_hf_targets.png  (53 KiB)
wrote docs/evidence/report_map_paint/fig2_spectrum.png  (133 KiB)
wrote docs/evidence/report_map_paint/fig3_heights.png  (99 KiB)
wrote docs/evidence/report_map_paint/fig4_seafloor.png  (85 KiB)
wrote docs/evidence/report_map_paint/fig5_composition.png  (53 KiB)
wrote docs/evidence/report_map_paint/fig6_colour.png  (107 KiB)
wrote docs/evidence/report_map_paint/fig7_trees.png  (71 KiB)
wrote docs/evidence/report_map_paint/fig8_thay_relief.png  (983 KiB)
wrote docs/evidence/report_map_paint/fig9_thay_transects.png  (263 KiB)
wrote docs/evidence/report_map_paint/fig10_thay_steps.png  (157 KiB)
wrote docs/evidence/report_map_paint/fig11_panels_relief.png  (1222 KiB)
wrote docs/evidence/report_map_paint/fig12_panels_paint.png  (755 KiB)
wrote docs/evidence/report_map_paint/fig13_materials.png  (160 KiB)
wrote docs/evidence/report_map_paint/fig14_before_after.png  (1197 KiB)
